
> studymeet-admin-web@0.1.0 dev
> vite

Port 5173 is in use, trying another one...

  VITE v8.2.1  ready in 717 ms

  ➜  Local:   http://localhost:5174/
  ➜  Network: use --host to expose
5:06:10 PM [vite] vite.config.ts changed, restarting server...
5:06:10 PM [vite] server restarted.

  ➜  Network: http://192.168.15.137:5174/  en0

> studymeet-admin-web@0.1.0 dev
> vite


  VITE v8.2.1  ready in 113 ms

  ➜  Network: http://192.168.15.137:5173/  en0
./manage-services.sh: line 101: 25103 Killed: 9               npm run dev

> studymeet-admin-web@0.1.0 dev
> vite


  VITE v8.2.1  ready in 114 ms

  ➜  Network: http://192.168.15.137:5173/  en0
5:12:03 PM [vite] .env.local changed, restarting server...
5:12:03 PM [vite] .env.local changed, restarting server...
5:12:03 PM [vite] server restarted.

> studymeet-admin-web@0.1.0 dev
> vite

Port 5173 is in use, trying another one...
Port 5174 is in use, trying another one...

  VITE v8.2.1  ready in 113 ms

  ➜  Network: http://192.168.15.137:5175/  en0

> studymeet-admin-web@0.1.0 dev
> vite

Port 5173 is in use, trying another one...
Port 5174 is in use, trying another one...
Port 5175 is in use, trying another one...
Port 5176 is in use, trying another one...

  VITE v8.2.1  ready in 113 ms

  ➜  Network: http://192.168.15.137:5177/  en0
5:15:22 PM [vite] .env.local changed, restarting server...
5:15:22 PM [vite] .env.local changed, restarting server...
5:15:22 PM [vite] .env.local changed, restarting server...
5:15:22 PM [vite] server restarted.
5:15:22 PM [vite] server restarted.
5:15:22 PM [vite] server restarted.

> studymeet-admin-web@0.1.0 dev
> vite

Port 5173 is in use, trying another one...
Port 5174 is in use, trying another one...
Port 5175 is in use, trying another one...
Port 5176 is in use, trying another one...
Port 5177 is in use, trying another one...
Port 5178 is in use, trying another one...

  VITE v8.2.1  ready in 116 ms

  ➜  Network: http://192.168.15.137:5179/  en0
./manage-services.sh: line 101: 26157 Killed: 9               npm run dev
./manage-services.sh: line 101: 26597 Killed: 9               npm run dev

> studymeet-admin-web@0.1.0 dev
> vite


  VITE v8.2.1  ready in 111 ms

  ➜  Network: http://192.168.15.137:5173/  en0

> studymeet-admin-web@0.1.0 dev
> vite

error when starting dev server:
Error: listen EADDRNOTAVAIL: address not available 192.168.15.137:5173
    at Server.setupListenHandle [as _listen2] (node:net:1915:21)
    at listenInCluster (node:net:1994:12)
    at node:net:2203:7
    at process.processTicksAndRejections (node:internal/process/task_queues:90:21) {
  code: 'EADDRNOTAVAIL',
  errno: -49,
  syscall: 'listen',
  address: '192.168.15.137',
  port: 5173
}
./manage-services.sh: line 101: 26703 Killed: 9               npm run dev

> studymeet-admin-web@0.1.0 dev
> vite

error when starting dev server:
Error: listen EADDRNOTAVAIL: address not available 192.168.15.137:5173
    at Server.setupListenHandle [as _listen2] (node:net:1915:21)
    at listenInCluster (node:net:1994:12)
    at node:net:2203:7
    at process.processTicksAndRejections (node:internal/process/task_queues:90:21) {
  code: 'EADDRNOTAVAIL',
  errno: -49,
  syscall: 'listen',
  address: '192.168.15.137',
  port: 5173
}

> studymeet-admin-web@0.1.0 dev
> vite


  VITE v8.2.1  ready in 101 ms

  ➜  Local:   http://localhost:5173/
  ➜  Network: http://192.168.12.99:5173/  en0
./manage-services.sh: line 101: 32767 Killed: 9               npm run dev

> studymeet-admin-web@0.1.0 dev
> vite


  VITE v8.2.1  ready in 100 ms

  ➜  Local:   http://localhost:5173/
  ➜  Network: http://192.168.12.99:5173/  en0

> studymeet-admin-web@0.1.0 dev
> vite


  VITE v8.2.1  ready in 280 ms

  ➜  Local:   http://localhost:5173/
  ➜  Network: http://192.168.12.96:5173/  en0

> studymeet-admin-web@0.1.0 dev
> vite

Port 5173 is in use, trying another one...
Port 5174 is in use, trying another one...
Port 5175 is in use, trying another one...
Port 5176 is in use, trying another one...

  VITE v8.2.1  ready in 116 ms

  ➜  Local:   http://localhost:5177/
  ➜  Network: http://192.168.12.96:5177/  en0

> studymeet-admin-web@0.1.0 dev
> vite

Port 5173 is in use, trying another one...
Port 5174 is in use, trying another one...
Port 5175 is in use, trying another one...
Port 5176 is in use, trying another one...
Port 5177 is in use, trying another one...
Port 5178 is in use, trying another one...
Port 5179 is in use, trying another one...
Port 5180 is in use, trying another one...
오후 2:23:38 [vite] (client) Re-optimizing dependencies because vite config has changed

  VITE v8.2.1  ready in 147 ms

  ➜  Local:   http://localhost:5181/
  ➜  Network: http://192.168.12.96:5181/  en0
  ➜  press h + enter to show help
node:events:496
      throw er; // Unhandled 'error' event
      ^

Error: read EIO
    at TTY.onStreamRead (node:internal/stream_base_commons:216:20)
Emitted 'error' event on Interface instance at:
    at ReadStream.onerror (node:internal/readline/interface:238:10)
    at ReadStream.emit (node:events:518:28)
    at emitErrorNT (node:internal/streams/destroy:170:8)
    at emitErrorCloseNT (node:internal/streams/destroy:129:3)
    at process.processTicksAndRejections (node:internal/process/task_queues:90:21) {
  errno: -5,
  code: 'EIO',
  syscall: 'read'
}

Node.js v22.14.0

> studymeet-admin-web@0.1.0 dev
> vite

Port 5173 is in use, trying another one...
Port 5174 is in use, trying another one...
Port 5175 is in use, trying another one...
Port 5176 is in use, trying another one...
Port 5177 is in use, trying another one...
Port 5178 is in use, trying another one...
Port 5179 is in use, trying another one...
Port 5180 is in use, trying another one...

  VITE v8.2.1  ready in 110 ms

  ➜  Local:   http://localhost:5181/
  ➜  Network: http://192.168.12.96:5181/  en0

> studymeet-admin-web@0.1.0 dev
> vite

Port 5173 is in use, trying another one...
Port 5174 is in use, trying another one...
Port 5175 is in use, trying another one...
Port 5176 is in use, trying another one...
Port 5177 is in use, trying another one...
Port 5178 is in use, trying another one...
Port 5179 is in use, trying another one...
Port 5180 is in use, trying another one...
Port 5181 is in use, trying another one...
Port 5182 is in use, trying another one...
Port 5183 is in use, trying another one...

  VITE v8.2.1  ready in 113 ms

  ➜  Local:   http://localhost:5184/
  ➜  Network: http://192.168.12.96:5184/  en0

> studymeet-admin-web@0.1.0 dev
> vite

Port 5173 is in use, trying another one...
Port 5174 is in use, trying another one...
Port 5175 is in use, trying another one...
Port 5176 is in use, trying another one...
Port 5177 is in use, trying another one...
Port 5178 is in use, trying another one...
Port 5179 is in use, trying another one...
Port 5180 is in use, trying another one...
Port 5181 is in use, trying another one...
Port 5182 is in use, trying another one...
Port 5183 is in use, trying another one...
Port 5184 is in use, trying another one...
Port 5185 is in use, trying another one...
Port 5186 is in use, trying another one...

  VITE v8.2.1  ready in 112 ms

  ➜  Local:   http://localhost:5187/
  ➜  Network: http://192.168.12.96:5187/  en0

> studymeet-admin-web@0.1.0 dev
> vite

Port 5173 is in use, trying another one...
Port 5174 is in use, trying another one...
Port 5175 is in use, trying another one...
Port 5176 is in use, trying another one...
Port 5177 is in use, trying another one...
Port 5178 is in use, trying another one...
Port 5179 is in use, trying another one...
Port 5180 is in use, trying another one...
Port 5181 is in use, trying another one...
Port 5182 is in use, trying another one...
Port 5183 is in use, trying another one...
Port 5184 is in use, trying another one...
Port 5185 is in use, trying another one...
Port 5186 is in use, trying another one...
Port 5187 is in use, trying another one...
Port 5188 is in use, trying another one...
Port 5189 is in use, trying another one...

  VITE v8.2.1  ready in 110 ms

  ➜  Local:   http://localhost:5190/
  ➜  Network: http://192.168.12.96:5190/  en0

> studymeet-admin-web@0.1.0 dev
> vite

Port 5173 is in use, trying another one...
Port 5174 is in use, trying another one...
Port 5175 is in use, trying another one...
Port 5176 is in use, trying another one...
Port 5177 is in use, trying another one...
Port 5178 is in use, trying another one...
Port 5179 is in use, trying another one...
Port 5180 is in use, trying another one...
Port 5181 is in use, trying another one...
Port 5182 is in use, trying another one...
Port 5183 is in use, trying another one...
Port 5184 is in use, trying another one...
Port 5185 is in use, trying another one...
Port 5186 is in use, trying another one...
Port 5187 is in use, trying another one...
Port 5188 is in use, trying another one...
Port 5189 is in use, trying another one...
Port 5190 is in use, trying another one...
Port 5191 is in use, trying another one...
Port 5192 is in use, trying another one...

  VITE v8.2.1  ready in 120 ms

  ➜  Local:   http://localhost:5193/
  ➜  Network: http://192.168.15.136:5193/  en0

> studymeet-admin-web@0.1.0 dev
> vite

Port 5173 is in use, trying another one...
Port 5174 is in use, trying another one...
Port 5175 is in use, trying another one...
Port 5176 is in use, trying another one...
Port 5177 is in use, trying another one...
Port 5178 is in use, trying another one...
Port 5179 is in use, trying another one...
Port 5180 is in use, trying another one...
Port 5181 is in use, trying another one...
Port 5182 is in use, trying another one...
Port 5183 is in use, trying another one...
Port 5184 is in use, trying another one...
Port 5185 is in use, trying another one...
Port 5186 is in use, trying another one...
Port 5187 is in use, trying another one...
Port 5188 is in use, trying another one...
Port 5189 is in use, trying another one...
Port 5190 is in use, trying another one...
Port 5191 is in use, trying another one...
Port 5192 is in use, trying another one...
Port 5193 is in use, trying another one...
Port 5194 is in use, trying another one...
Port 5195 is in use, trying another one...

  VITE v8.2.1  ready in 114 ms

  ➜  Local:   http://localhost:5196/
  ➜  Network: http://192.168.15.136:5196/  en0

> studymeet-admin-web@0.1.0 dev
> vite

Port 5173 is in use, trying another one...
Port 5174 is in use, trying another one...
Port 5175 is in use, trying another one...
Port 5176 is in use, trying another one...
Port 5177 is in use, trying another one...
Port 5178 is in use, trying another one...
Port 5179 is in use, trying another one...
Port 5180 is in use, trying another one...
Port 5181 is in use, trying another one...
Port 5182 is in use, trying another one...
Port 5183 is in use, trying another one...
Port 5184 is in use, trying another one...
Port 5185 is in use, trying another one...
Port 5186 is in use, trying another one...
Port 5187 is in use, trying another one...
Port 5188 is in use, trying another one...
Port 5189 is in use, trying another one...
Port 5190 is in use, trying another one...
Port 5191 is in use, trying another one...
Port 5192 is in use, trying another one...
Port 5193 is in use, trying another one...
Port 5194 is in use, trying another one...
Port 5195 is in use, trying another one...
Port 5196 is in use, trying another one...
Port 5197 is in use, trying another one...
Port 5198 is in use, trying another one...

  VITE v8.2.1  ready in 108 ms

  ➜  Local:   http://localhost:5199/
  ➜  Network: http://192.168.15.136:5199/  en0

> studymeet-admin-web@0.1.0 dev
> vite

Port 5173 is in use, trying another one...
Port 5174 is in use, trying another one...
Port 5175 is in use, trying another one...
Port 5176 is in use, trying another one...
Port 5177 is in use, trying another one...
Port 5178 is in use, trying another one...
Port 5179 is in use, trying another one...
Port 5180 is in use, trying another one...
Port 5181 is in use, trying another one...
Port 5182 is in use, trying another one...
Port 5183 is in use, trying another one...
Port 5184 is in use, trying another one...
Port 5185 is in use, trying another one...
Port 5186 is in use, trying another one...
Port 5187 is in use, trying another one...
Port 5188 is in use, trying another one...
Port 5189 is in use, trying another one...
Port 5190 is in use, trying another one...
Port 5191 is in use, trying another one...
Port 5192 is in use, trying another one...
Port 5193 is in use, trying another one...
Port 5194 is in use, trying another one...
Port 5195 is in use, trying another one...
Port 5196 is in use, trying another one...
Port 5197 is in use, trying another one...
Port 5198 is in use, trying another one...
Port 5199 is in use, trying another one...
Port 5200 is in use, trying another one...
Port 5201 is in use, trying another one...

  VITE v8.2.1  ready in 117 ms

  ➜  Local:   http://localhost:5202/
  ➜  Network: http://192.168.15.136:5202/  en0

> studymeet-admin-web@0.1.0 dev
> vite

Port 5173 is in use, trying another one...
Port 5174 is in use, trying another one...
Port 5175 is in use, trying another one...
Port 5176 is in use, trying another one...
Port 5177 is in use, trying another one...
Port 5178 is in use, trying another one...
Port 5179 is in use, trying another one...

  VITE v8.2.1  ready in 113 ms

  ➜  Local:   http://localhost:5180/
  ➜  Network: http://192.168.17.17:5180/  en0
