
> studymeet-child-web@0.1.0 dev
> vite

error when starting dev server:
Error: listen EADDRNOTAVAIL: address not available 192.168.15.137:5175
    at Server.setupListenHandle [as _listen2] (node:net:1915:21)
    at listenInCluster (node:net:1994:12)
    at node:net:2203:7
    at process.processTicksAndRejections (node:internal/process/task_queues:90:21) {
  code: 'EADDRNOTAVAIL',
  errno: -49,
  syscall: 'listen',
  address: '192.168.15.137',
  port: 5175
}

> studymeet-child-web@0.1.0 dev
> vite

error when starting dev server:
Error: listen EADDRNOTAVAIL: address not available 192.168.15.137:5175
    at Server.setupListenHandle [as _listen2] (node:net:1915:21)
    at listenInCluster (node:net:1994:12)
    at node:net:2203:7
    at process.processTicksAndRejections (node:internal/process/task_queues:90:21) {
  code: 'EADDRNOTAVAIL',
  errno: -49,
  syscall: 'listen',
  address: '192.168.15.137',
  port: 5175
}

> studymeet-child-web@0.1.0 dev
> vite


  VITE v8.2.1  ready in 108 ms

  ➜  Local:   http://localhost:5175/
  ➜  Network: http://192.168.12.99:5175/  en0
./manage-services.sh: line 101: 32818 Killed: 9               npm run dev

> studymeet-child-web@0.1.0 dev
> vite


  VITE v8.2.1  ready in 106 ms

  ➜  Local:   http://localhost:5175/
  ➜  Network: http://192.168.12.99:5175/  en0

> studymeet-child-web@0.1.0 dev
> vite

Port 5175 is in use, trying another one...

  VITE v8.2.1  ready in 246 ms

  ➜  Local:   http://localhost:5176/
  ➜  Network: http://192.168.12.96:5176/  en0

> studymeet-child-web@0.1.0 dev
> vite

Port 5175 is in use, trying another one...
Port 5176 is in use, trying another one...
Port 5177 is in use, trying another one...
Port 5178 is in use, trying another one...

  VITE v8.2.1  ready in 108 ms

  ➜  Local:   http://localhost:5179/
  ➜  Network: http://192.168.12.96:5179/  en0

> studymeet-child-web@0.1.0 dev
> vite

Port 5175 is in use, trying another one...
Port 5176 is in use, trying another one...
Port 5177 is in use, trying another one...
Port 5178 is in use, trying another one...
Port 5179 is in use, trying another one...
Port 5180 is in use, trying another one...
Port 5181 is in use, trying another one...
Port 5182 is in use, trying another one...

  VITE v8.2.1  ready in 123 ms

  ➜  Local:   http://localhost:5183/
  ➜  Network: http://192.168.12.96:5183/  en0
  ➜  press h + enter to show help
node:events:496
      throw er; // Unhandled 'error' event
      ^

Error: read EIO
    at TTY.onStreamRead (node:internal/stream_base_commons:216:20)
Emitted 'error' event on Interface instance at:
    at ReadStream.onerror (node:internal/readline/interface:238:10)
    at ReadStream.emit (node:events:518:28)
    at emitErrorNT (node:internal/streams/destroy:170:8)
    at emitErrorCloseNT (node:internal/streams/destroy:129:3)
    at process.processTicksAndRejections (node:internal/process/task_queues:90:21) {
  errno: -5,
  code: 'EIO',
  syscall: 'read'
}

Node.js v22.14.0

> studymeet-child-web@0.1.0 dev
> vite

Port 5175 is in use, trying another one...
Port 5176 is in use, trying another one...
Port 5177 is in use, trying another one...
Port 5178 is in use, trying another one...
Port 5179 is in use, trying another one...
Port 5180 is in use, trying another one...
Port 5181 is in use, trying another one...
Port 5182 is in use, trying another one...

  VITE v8.2.1  ready in 116 ms

  ➜  Local:   http://localhost:5183/
  ➜  Network: http://192.168.12.96:5183/  en0

> studymeet-child-web@0.1.0 dev
> vite

Port 5175 is in use, trying another one...
Port 5176 is in use, trying another one...
Port 5177 is in use, trying another one...
Port 5178 is in use, trying another one...
Port 5179 is in use, trying another one...
Port 5180 is in use, trying another one...
Port 5181 is in use, trying another one...
Port 5182 is in use, trying another one...
Port 5183 is in use, trying another one...
Port 5184 is in use, trying another one...
Port 5185 is in use, trying another one...

  VITE v8.2.1  ready in 114 ms

  ➜  Local:   http://localhost:5186/
  ➜  Network: http://192.168.12.96:5186/  en0

> studymeet-child-web@0.1.0 dev
> vite

Port 5175 is in use, trying another one...
Port 5176 is in use, trying another one...
Port 5177 is in use, trying another one...
Port 5178 is in use, trying another one...
Port 5179 is in use, trying another one...
Port 5180 is in use, trying another one...
Port 5181 is in use, trying another one...
Port 5182 is in use, trying another one...
Port 5183 is in use, trying another one...
Port 5184 is in use, trying another one...
Port 5185 is in use, trying another one...
Port 5186 is in use, trying another one...
Port 5187 is in use, trying another one...
Port 5188 is in use, trying another one...

  VITE v8.2.1  ready in 121 ms

  ➜  Local:   http://localhost:5189/
  ➜  Network: http://192.168.12.96:5189/  en0

> studymeet-child-web@0.1.0 dev
> vite

Port 5175 is in use, trying another one...
Port 5176 is in use, trying another one...
Port 5177 is in use, trying another one...
Port 5178 is in use, trying another one...
Port 5179 is in use, trying another one...
Port 5180 is in use, trying another one...
Port 5181 is in use, trying another one...
Port 5182 is in use, trying another one...
Port 5183 is in use, trying another one...
Port 5184 is in use, trying another one...
Port 5185 is in use, trying another one...
Port 5186 is in use, trying another one...
Port 5187 is in use, trying another one...
Port 5188 is in use, trying another one...
Port 5189 is in use, trying another one...
Port 5190 is in use, trying another one...
Port 5191 is in use, trying another one...

  VITE v8.2.1  ready in 117 ms

  ➜  Local:   http://localhost:5192/
  ➜  Network: http://192.168.12.96:5192/  en0

> studymeet-child-web@0.1.0 dev
> vite

Port 5175 is in use, trying another one...
Port 5176 is in use, trying another one...
Port 5177 is in use, trying another one...
Port 5178 is in use, trying another one...
Port 5179 is in use, trying another one...
Port 5180 is in use, trying another one...
Port 5181 is in use, trying another one...
Port 5182 is in use, trying another one...
Port 5183 is in use, trying another one...
Port 5184 is in use, trying another one...
Port 5185 is in use, trying another one...
Port 5186 is in use, trying another one...
Port 5187 is in use, trying another one...
Port 5188 is in use, trying another one...
Port 5189 is in use, trying another one...
Port 5190 is in use, trying another one...
Port 5191 is in use, trying another one...
Port 5192 is in use, trying another one...
Port 5193 is in use, trying another one...
Port 5194 is in use, trying another one...

  VITE v8.2.1  ready in 120 ms

  ➜  Local:   http://localhost:5195/
  ➜  Network: http://192.168.15.136:5195/  en0

> studymeet-child-web@0.1.0 dev
> vite

Port 5175 is in use, trying another one...
Port 5176 is in use, trying another one...
Port 5177 is in use, trying another one...
Port 5178 is in use, trying another one...
Port 5179 is in use, trying another one...
Port 5180 is in use, trying another one...
Port 5181 is in use, trying another one...
Port 5182 is in use, trying another one...
Port 5183 is in use, trying another one...
Port 5184 is in use, trying another one...
Port 5185 is in use, trying another one...
Port 5186 is in use, trying another one...
Port 5187 is in use, trying another one...
Port 5188 is in use, trying another one...
Port 5189 is in use, trying another one...
Port 5190 is in use, trying another one...
Port 5191 is in use, trying another one...
Port 5192 is in use, trying another one...
Port 5193 is in use, trying another one...
Port 5194 is in use, trying another one...
Port 5195 is in use, trying another one...
Port 5196 is in use, trying another one...
Port 5197 is in use, trying another one...

  VITE v8.2.1  ready in 108 ms

  ➜  Local:   http://localhost:5198/
  ➜  Network: http://192.168.15.136:5198/  en0

> studymeet-child-web@0.1.0 dev
> vite

Port 5175 is in use, trying another one...
Port 5176 is in use, trying another one...
Port 5177 is in use, trying another one...
Port 5178 is in use, trying another one...
Port 5179 is in use, trying another one...
Port 5180 is in use, trying another one...
Port 5181 is in use, trying another one...
Port 5182 is in use, trying another one...
Port 5183 is in use, trying another one...
Port 5184 is in use, trying another one...
Port 5185 is in use, trying another one...
Port 5186 is in use, trying another one...
Port 5187 is in use, trying another one...
Port 5188 is in use, trying another one...
Port 5189 is in use, trying another one...
Port 5190 is in use, trying another one...
Port 5191 is in use, trying another one...
Port 5192 is in use, trying another one...
Port 5193 is in use, trying another one...
Port 5194 is in use, trying another one...
Port 5195 is in use, trying another one...
Port 5196 is in use, trying another one...
Port 5197 is in use, trying another one...
Port 5198 is in use, trying another one...
Port 5199 is in use, trying another one...
Port 5200 is in use, trying another one...

  VITE v8.2.1  ready in 117 ms

  ➜  Local:   http://localhost:5201/
  ➜  Network: http://192.168.15.136:5201/  en0

> studymeet-child-web@0.1.0 dev
> vite

Port 5175 is in use, trying another one...
Port 5176 is in use, trying another one...
Port 5177 is in use, trying another one...
Port 5178 is in use, trying another one...
Port 5179 is in use, trying another one...
Port 5180 is in use, trying another one...
Port 5181 is in use, trying another one...
Port 5182 is in use, trying another one...
Port 5183 is in use, trying another one...
Port 5184 is in use, trying another one...
Port 5185 is in use, trying another one...
Port 5186 is in use, trying another one...
Port 5187 is in use, trying another one...
Port 5188 is in use, trying another one...
Port 5189 is in use, trying another one...
Port 5190 is in use, trying another one...
Port 5191 is in use, trying another one...
Port 5192 is in use, trying another one...
Port 5193 is in use, trying another one...
Port 5194 is in use, trying another one...
Port 5195 is in use, trying another one...
Port 5196 is in use, trying another one...
Port 5197 is in use, trying another one...
Port 5198 is in use, trying another one...
Port 5199 is in use, trying another one...
Port 5200 is in use, trying another one...
Port 5201 is in use, trying another one...
Port 5202 is in use, trying another one...
Port 5203 is in use, trying another one...

  VITE v8.2.1  ready in 118 ms

  ➜  Local:   http://localhost:5204/
  ➜  Network: http://192.168.15.136:5204/  en0

> studymeet-child-web@0.1.0 dev
> vite

Port 5175 is in use, trying another one...
Port 5176 is in use, trying another one...
Port 5177 is in use, trying another one...
Port 5178 is in use, trying another one...
Port 5179 is in use, trying another one...
Port 5180 is in use, trying another one...
Port 5181 is in use, trying another one...
Port 5182 is in use, trying another one...
Port 5183 is in use, trying another one...
Port 5184 is in use, trying another one...
Port 5185 is in use, trying another one...
Port 5186 is in use, trying another one...
Port 5187 is in use, trying another one...
Port 5188 is in use, trying another one...
Port 5189 is in use, trying another one...
Port 5190 is in use, trying another one...
Port 5191 is in use, trying another one...
Port 5192 is in use, trying another one...
Port 5193 is in use, trying another one...
Port 5194 is in use, trying another one...
Port 5195 is in use, trying another one...
Port 5196 is in use, trying another one...
Port 5197 is in use, trying another one...
Port 5198 is in use, trying another one...
Port 5199 is in use, trying another one...
Port 5200 is in use, trying another one...
Port 5201 is in use, trying another one...
Port 5202 is in use, trying another one...
Port 5203 is in use, trying another one...
Port 5204 is in use, trying another one...
Port 5205 is in use, trying another one...

  VITE v8.2.1  ready in 111 ms

  ➜  Local:   http://localhost:5206/
  ➜  Network: http://192.168.17.17:5206/  en0
오전 10:32:42 [vite] (client) page reload index.html
오전 10:32:42 [vite] (client) page reload index.html
오전 10:32:42 [vite] (client) page reload index.html
오전 10:32:42 [vite] .env.local changed, restarting server...
오전 10:32:42 [vite] .env.local changed, restarting server...
오전 10:32:42 [vite] (client) page reload index.html
오전 10:32:42 [vite] (client) page reload index.html
오전 10:32:42 [vite] (client) page reload index.html
오전 10:32:42 [vite] .env.local changed, restarting server...
오전 10:32:42 [vite] .env.local changed, restarting server...
오전 10:32:42 [vite] (client) page reload index.html
오전 10:32:42 [vite] .env.local changed, restarting server...
오전 10:32:42 [vite] .env.local changed, restarting server...
오전 10:32:42 [vite] .env.local changed, restarting server...
오전 10:32:42 [vite] (client) page reload index.html
오전 10:32:42 [vite] (client) page reload index.html
오전 10:32:42 [vite] .env.local changed, restarting server...
오전 10:32:42 [vite] .env.local changed, restarting server...
오전 10:32:42 [vite] server restarted.

  ➜  Local:   http://localhost:5206/
  ➜  Network: http://192.168.15.136:5206/  en0
오전 10:32:42 [vite] server restarted.
오전 10:32:42 [vite] server restarted.
오전 10:32:42 [vite] server restarted.

  ➜  Local:   http://localhost:5192/
  ➜  Network: http://192.168.15.136:5192/  en0
오전 10:32:42 [vite] server restarted.

  ➜  Local:   http://localhost:5189/
  ➜  Network: http://192.168.15.136:5189/  en0
10:32:42 AM [vite] (client) page reload index.html
10:32:42 AM [vite] .env.local changed, restarting server...
오전 10:32:42 [vite] server restarted.
오전 10:32:42 [vite] server restarted.

  ➜  Local:   http://localhost:5183/
  ➜  Network: http://192.168.15.136:5183/  en0
오전 10:32:42 [vite] server restarted.
오전 10:32:42 [vite] server restarted.

  ➜  Local:   http://localhost:5186/
  ➜  Network: http://192.168.15.136:5186/  en0
10:32:42 AM [vite] (client) page reload index.html
10:32:42 AM [vite] .env.local changed, restarting server...
10:32:42 AM [vite] (client) Re-optimizing dependencies because vite config has changed
10:32:42 AM [vite] server restarted.

  ➜  Local:   http://localhost:5176/
  ➜  Network: http://192.168.15.136:5176/  en0
10:32:42 AM [vite] server restarted.

  ➜  Local:   http://localhost:5179/
  ➜  Network: http://192.168.15.136:5179/  en0
file:///Users/chales7/IdeaProjects/StudyMeet/StudyMeet/child-web/node_modules/rolldown/dist/shared/error-CVc7IgvG.mjs:48
	const wrapper = new Error(summary);
	                ^

Error: Error during dependency optimization:

Build failed with 1 error:

[31m[UNRESOLVED_ENTRY] [0mCannot resolve entry module node_modules/react-dom/index.js.

    at aggregateBindingErrorsIntoJsError (file:///Users/chales7/IdeaProjects/StudyMeet/StudyMeet/child-web/node_modules/rolldown/dist/shared/error-CVc7IgvG.mjs:48:18)
    at unwrapBindingResult (file:///Users/chales7/IdeaProjects/StudyMeet/StudyMeet/child-web/node_modules/rolldown/dist/shared/error-CVc7IgvG.mjs:18:128)
    at #build (file:///Users/chales7/IdeaProjects/StudyMeet/StudyMeet/child-web/node_modules/rolldown/dist/shared/rolldown-DiYVDns9.mjs:132:34)
    at async Object.build (file:///Users/chales7/IdeaProjects/StudyMeet/StudyMeet/child-web/node_modules/vite/dist/node/chunks/node.js:32322:11) {
  errors: [Getter/Setter]
}

Node.js v22.14.0
file:///Users/chales7/IdeaProjects/StudyMeet/StudyMeet/child-web/node_modules/rolldown/dist/shared/error-CVc7IgvG.mjs:48
	const wrapper = new Error(summary);
	                ^

Error: Error during dependency optimization:

Build failed with 1 error:

[31m[UNRESOLVED_ENTRY] [0mCannot resolve entry module node_modules/react-dom/index.js.

    at aggregateBindingErrorsIntoJsError (file:///Users/chales7/IdeaProjects/StudyMeet/StudyMeet/child-web/node_modules/rolldown/dist/shared/error-CVc7IgvG.mjs:48:18)
    at unwrapBindingResult (file:///Users/chales7/IdeaProjects/StudyMeet/StudyMeet/child-web/node_modules/rolldown/dist/shared/error-CVc7IgvG.mjs:18:128)
    at #build (file:///Users/chales7/IdeaProjects/StudyMeet/StudyMeet/child-web/node_modules/rolldown/dist/shared/rolldown-DiYVDns9.mjs:132:34)
    at async Object.build (file:///Users/chales7/IdeaProjects/StudyMeet/StudyMeet/child-web/node_modules/vite/dist/node/chunks/node.js:32322:11) {
  errors: [Getter/Setter]
}

Node.js v22.14.0
오전 10:32:42 [vite] changed tsconfig file detected: /Users/chales7/IdeaProjects/StudyMeet/StudyMeet/child-web/tsconfig.json - Clearing cache and forcing full-reload to ensure TypeScript is compiled with updated config values.
오전 10:32:42 [vite] vite.config.ts changed, restarting server...
Port 5173 is in use, trying another one...
Port 5174 is in use, trying another one...
Port 5175 is in use, trying another one...
오전 10:32:42 [vite] server restarted.

  ➜  Local:   http://localhost:5176/
  ➜  Network: use --host to expose
오전 10:32:42 [vite] changed tsconfig file detected: /Users/chales7/IdeaProjects/StudyMeet/StudyMeet/child-web/tsconfig.json - Clearing cache and forcing full-reload to ensure TypeScript is compiled with updated config values.
오전 10:32:42 [vite] vite.config.ts changed, restarting server...
Port 5173 is in use, trying another one...
Port 5174 is in use, trying another one...
Port 5175 is in use, trying another one...
오전 10:32:42 [vite] changed tsconfig file detected: /Users/chales7/IdeaProjects/StudyMeet/StudyMeet/child-web/tsconfig.json - Clearing cache and forcing full-reload to ensure TypeScript is compiled with updated config values.
오전 10:32:42 [vite] changed tsconfig file detected: /Users/chales7/IdeaProjects/StudyMeet/StudyMeet/child-web/tsconfig.json - Clearing cache and forcing full-reload to ensure TypeScript is compiled with updated config values.
오전 10:32:42 [vite] changed tsconfig file detected: /Users/chales7/IdeaProjects/StudyMeet/StudyMeet/child-web/tsconfig.json - Clearing cache and forcing full-reload to ensure TypeScript is compiled with updated config values.
Port 5176 is in use, trying another one...
Port 5177 is in use, trying another one...
오전 10:32:42 [vite] changed tsconfig file detected: /Users/chales7/IdeaProjects/StudyMeet/StudyMeet/child-web/tsconfig.json - Clearing cache and forcing full-reload to ensure TypeScript is compiled with updated config values.
Port 5178 is in use, trying another one...
오전 10:32:42 [vite] changed tsconfig file detected: /Users/chales7/IdeaProjects/StudyMeet/StudyMeet/child-web/tsconfig.json - Clearing cache and forcing full-reload to ensure TypeScript is compiled with updated config values.
오전 10:32:42 [vite] vite.config.ts changed, restarting server...
오전 10:32:42 [vite] vite.config.ts changed, restarting server...
오전 10:32:42 [vite] vite.config.ts changed, restarting server...
오전 10:32:42 [vite] vite.config.ts changed, restarting server...
오전 10:32:42 [vite] changed tsconfig file detected: /Users/chales7/IdeaProjects/StudyMeet/StudyMeet/child-web/tsconfig.json - Clearing cache and forcing full-reload to ensure TypeScript is compiled with updated config values.
오전 10:32:42 [vite] changed tsconfig file detected: /Users/chales7/IdeaProjects/StudyMeet/StudyMeet/child-web/tsconfig.json - Clearing cache and forcing full-reload to ensure TypeScript is compiled with updated config values.
오전 10:32:42 [vite] vite.config.ts changed, restarting server...
오전 10:32:42 [vite] vite.config.ts changed, restarting server...
오전 10:32:42 [vite] vite.config.ts changed, restarting server...
오전 10:32:42 [vite] server restarted.

  ➜  Local:   http://localhost:5179/
  ➜  Network: use --host to expose
Port 5173 is in use, trying another one...
Port 5174 is in use, trying another one...
Port 5175 is in use, trying another one...
Port 5173 is in use, trying another one...
Port 5173 is in use, trying another one...
Port 5174 is in use, trying another one...
Port 5174 is in use, trying another one...
Port 5175 is in use, trying another one...
Port 5175 is in use, trying another one...
Port 5173 is in use, trying another one...
Port 5176 is in use, trying another one...
Port 5174 is in use, trying another one...
Port 5177 is in use, trying another one...
Port 5175 is in use, trying another one...
Port 5178 is in use, trying another one...
Port 5173 is in use, trying another one...
Port 5174 is in use, trying another one...
Port 5175 is in use, trying another one...
Port 5173 is in use, trying another one...
Port 5174 is in use, trying another one...
Port 5175 is in use, trying another one...
Port 5173 is in use, trying another one...
Port 5174 is in use, trying another one...
Port 5175 is in use, trying another one...
Port 5176 is in use, trying another one...
Port 5177 is in use, trying another one...
Port 5178 is in use, trying another one...
Port 5176 is in use, trying another one...
Port 5179 is in use, trying another one...
Port 5177 is in use, trying another one...
Port 5178 is in use, trying another one...
Port 5180 is in use, trying another one...
Port 5176 is in use, trying another one...
Port 5181 is in use, trying another one...
Port 5177 is in use, trying another one...
Port 5182 is in use, trying another one...
Port 5178 is in use, trying another one...
Port 5179 is in use, trying another one...
Port 5179 is in use, trying another one...
Port 5180 is in use, trying another one...
Port 5181 is in use, trying another one...
Port 5180 is in use, trying another one...
Port 5182 is in use, trying another one...
Port 5181 is in use, trying another one...
Port 5182 is in use, trying another one...
Port 5176 is in use, trying another one...
Port 5177 is in use, trying another one...
Port 5178 is in use, trying another one...
오전 10:32:42 [vite] server restarted.

  ➜  Local:   http://localhost:5183/
  ➜  Network: use --host to expose
Port 5179 is in use, trying another one...
Port 5180 is in use, trying another one...
Port 5181 is in use, trying another one...
Port 5182 is in use, trying another one...
Port 5179 is in use, trying another one...
Port 5180 is in use, trying another one...
Port 5181 is in use, trying another one...
Port 5182 is in use, trying another one...
Port 5183 is in use, trying another one...
Port 5184 is in use, trying another one...
Port 5185 is in use, trying another one...
Port 5183 is in use, trying another one...
Port 5184 is in use, trying another one...
Port 5185 is in use, trying another one...
Port 5176 is in use, trying another one...
Port 5177 is in use, trying another one...
Port 5178 is in use, trying another one...
Port 5183 is in use, trying another one...
Port 5184 is in use, trying another one...
Port 5185 is in use, trying another one...
Port 5176 is in use, trying another one...
Port 5177 is in use, trying another one...
Port 5178 is in use, trying another one...
Port 5183 is in use, trying another one...
Port 5184 is in use, trying another one...
Port 5185 is in use, trying another one...
Port 5186 is in use, trying another one...
오전 10:32:42 [vite] server restarted.

  ➜  Local:   http://localhost:5186/
  ➜  Network: use --host to expose
Port 5187 is in use, trying another one...
Port 5179 is in use, trying another one...
Port 5188 is in use, trying another one...
Port 5186 is in use, trying another one...
Port 5180 is in use, trying another one...
Port 5187 is in use, trying another one...
Port 5188 is in use, trying another one...
Port 5181 is in use, trying another one...
Port 5182 is in use, trying another one...
Port 5189 is in use, trying another one...
Port 5179 is in use, trying another one...
Port 5186 is in use, trying another one...
Port 5190 is in use, trying another one...
Port 5180 is in use, trying another one...
Port 5187 is in use, trying another one...
Port 5191 is in use, trying another one...
Port 5188 is in use, trying another one...
Port 5181 is in use, trying another one...
Port 5182 is in use, trying another one...
오전 10:32:42 [vite] server restarted.

  ➜  Local:   http://localhost:5189/
  ➜  Network: use --host to expose
Port 5183 is in use, trying another one...
오전 10:32:42 [vite] server restarted.
Port 5183 is in use, trying another one...

Port 5184 is in use, trying another one...
  ➜  Local:   http://localhost:5192/
  ➜  Network: use --host to expose
Port 5189 is in use, trying another one...
Port 5185 is in use, trying another one...
Port 5184 is in use, trying another one...
Port 5190 is in use, trying another one...
Port 5191 is in use, trying another one...
Port 5185 is in use, trying another one...
Port 5192 is in use, trying another one...
Port 5186 is in use, trying another one...
Port 5193 is in use, trying another one...
Port 5187 is in use, trying another one...
Port 5186 is in use, trying another one...
Port 5194 is in use, trying another one...
Port 5188 is in use, trying another one...
Port 5187 is in use, trying another one...
Port 5188 is in use, trying another one...
Port 5189 is in use, trying another one...
Port 5190 is in use, trying another one...
Port 5191 is in use, trying another one...
Port 5189 is in use, trying another one...
Port 5190 is in use, trying another one...
오전 10:32:42 [vite] server restarted.

Port 5191 is in use, trying another one...
Port 5192 is in use, trying another one...
  ➜  Local:   http://localhost:5195/
  ➜  Network: use --host to expose
Port 5193 is in use, trying another one...
Port 5194 is in use, trying another one...
Port 5192 is in use, trying another one...
Port 5195 is in use, trying another one...
Port 5193 is in use, trying another one...
Port 5196 is in use, trying another one...
Port 5194 is in use, trying another one...
Port 5197 is in use, trying another one...
Port 5195 is in use, trying another one...
오전 10:32:42 [vite] server restarted.

Port 5196 is in use, trying another one...
  ➜  Local:   http://localhost:5198/
  ➜  Network: use --host to expose
Port 5197 is in use, trying another one...
Port 5198 is in use, trying another one...
Port 5199 is in use, trying another one...
Port 5200 is in use, trying another one...
오전 10:32:42 [vite] server restarted.

  ➜  Local:   http://localhost:5201/
  ➜  Network: use --host to expose
