
> studymeet-teacher-web@0.1.0 dev
> vite

Port 5173 is in use, trying another one...
Port 5174 is in use, trying another one...

  VITE v8.2.1  ready in 670 ms

  ➜  Local:   http://localhost:5175/
  ➜  Network: use --host to expose
5:06:11 PM [vite] vite.config.ts changed, restarting server...
Port 5174 is in use, trying another one...
5:06:11 PM [vite] server restarted.

  ➜  Network: http://192.168.15.137:5175/  en0

> studymeet-teacher-web@0.1.0 dev
> vite

Port 5174 is in use, trying another one...
Port 5175 is in use, trying another one...

  VITE v8.2.1  ready in 121 ms

  ➜  Network: http://192.168.15.137:5176/  en0
./manage-services.sh: line 101: 25139 Killed: 9               npm run dev

> studymeet-teacher-web@0.1.0 dev
> vite


  VITE v8.2.1  ready in 113 ms

  ➜  Network: http://192.168.15.137:5174/  en0
5:12:04 PM [vite] .env.local changed, restarting server...
5:12:04 PM [vite] .env.local changed, restarting server...
5:12:04 PM [vite] server restarted.

> studymeet-teacher-web@0.1.0 dev
> vite

Port 5174 is in use, trying another one...
Port 5175 is in use, trying another one...

  VITE v8.2.1  ready in 121 ms

  ➜  Network: http://192.168.15.137:5176/  en0

> studymeet-teacher-web@0.1.0 dev
> vite

Port 5174 is in use, trying another one...
Port 5175 is in use, trying another one...
Port 5176 is in use, trying another one...
Port 5177 is in use, trying another one...

  VITE v8.2.1  ready in 115 ms

  ➜  Network: http://192.168.15.137:5178/  en0
5:15:22 PM [vite] .env.local changed, restarting server...
5:15:22 PM [vite] .env.local changed, restarting server...
5:15:22 PM [vite] .env.local changed, restarting server...
5:15:22 PM [vite] server restarted.
5:15:22 PM [vite] server restarted.
5:15:22 PM [vite] server restarted.
5:18:39 PM [vite] (client) hmr update /src/App.tsx
5:18:41 PM [vite] (client) hmr update /src/App.tsx
5:18:42 PM [vite] (client) [Unhandled error] TypeError: Cannot read properties of undefined (reading 'listSessions')
 > src/screens/SessionList.tsx:24:13
    22 |  
    23 |    const load = useCallback(() => {
    24 |      void api.listSessions(date).then(setSessions)
       |               ^
    25 |    }, [api, date])
    26 |  
 > src/screens/SessionList.tsx:27:20
 > Object.react_stack_bottom_frame node_modules/react-dom/cjs/react-dom-client.development.js:25989:19
 > runWithFiberInDEV node_modules/react-dom/cjs/react-dom-client.development.js:871:29
 > commitHookEffectListMount node_modules/react-dom/cjs/react-dom-client.development.js:13249:28
 > commitHookPassiveMountEffects node_modules/react-dom/cjs/react-dom-client.development.js:13336:10
 > commitPassiveMountOnFiber node_modules/react-dom/cjs/react-dom-client.development.js:15484:12
 > recursivelyTraversePassiveMountEffects node_modules/react-dom/cjs/react-dom-client.development.js:15439:10
 > commitPassiveMountOnFiber node_modules/react-dom/cjs/react-dom-client.development.js:15476:10
 > recursivelyTraversePassiveMountEffects node_modules/react-dom/cjs/react-dom-client.development.js:15439:10

5:18:42 PM [vite] (client) [console.warn] An error occurred in the <SessionList> component.

Consider adding an error boundary to your tree to customize error handling behavior.
Visit https://react.dev/link/error-boundaries to learn more about error boundaries.

5:18:57 PM [vite] (client) hmr update /src/screens/SessionList.tsx
5:19:39 PM [vite] (client) hmr update /src/screens/Lesson.tsx

> studymeet-teacher-web@0.1.0 dev
> vite

Port 5174 is in use, trying another one...
Port 5175 is in use, trying another one...
Port 5176 is in use, trying another one...
Port 5177 is in use, trying another one...
Port 5178 is in use, trying another one...
Port 5179 is in use, trying another one...

  VITE v8.2.1  ready in 123 ms

  ➜  Network: http://192.168.15.137:5180/  en0
./manage-services.sh: line 101: 26183 Killed: 9               npm run dev
./manage-services.sh: line 101: 26620 Killed: 9               npm run dev

> studymeet-teacher-web@0.1.0 dev
> vite


  VITE v8.2.1  ready in 142 ms

  ➜  Network: http://192.168.15.137:5174/  en0
5:22:54 PM [vite] (client) [Unhandled rejection] TypeError: Cannot read properties of undefined (reading 'getUserMedia')
 > src/webrtc/useSession.ts:92:50
    90 |  
    91 |      void (async () => {
    92 |        const stream = await navigator.mediaDevices.getUserMedia({ video: CAPTURE, audio: true })
       |                                                    ^
    93 |        if (cancelled) { stream.getTracks().forEach((t) => t.stop()); return }
    94 |        localStreamRef.current = stream
 > src/webrtc/useSession.ts:147:7
 > Object.react_stack_bottom_frame node_modules/react-dom/cjs/react-dom-client.development.js:25989:19
 > runWithFiberInDEV node_modules/react-dom/cjs/react-dom-client.development.js:871:29
 > commitHookEffectListMount node_modules/react-dom/cjs/react-dom-client.development.js:13249:28
 > commitHookPassiveMountEffects node_modules/react-dom/cjs/react-dom-client.development.js:13336:10
 > commitPassiveMountOnFiber node_modules/react-dom/cjs/react-dom-client.development.js:15484:12
 > recursivelyTraversePassiveMountEffects node_modules/react-dom/cjs/react-dom-client.development.js:15439:10
 > commitPassiveMountOnFiber node_modules/react-dom/cjs/react-dom-client.development.js:15476:10
 > recursivelyTraversePassiveMountEffects node_modules/react-dom/cjs/react-dom-client.development.js:15439:10

5:22:54 PM [vite] (client) [Unhandled rejection] TypeError: Cannot read properties of undefined (reading 'getUserMedia')
 > src/webrtc/useSession.ts:92:50
    90 |  
    91 |      void (async () => {
    92 |        const stream = await navigator.mediaDevices.getUserMedia({ video: CAPTURE, audio: true })
       |                                                    ^
    93 |        if (cancelled) { stream.getTracks().forEach((t) => t.stop()); return }
    94 |        localStreamRef.current = stream
 > src/webrtc/useSession.ts:147:7
 > Object.react_stack_bottom_frame node_modules/react-dom/cjs/react-dom-client.development.js:25989:19
 > runWithFiberInDEV node_modules/react-dom/cjs/react-dom-client.development.js:871:29
 > commitHookEffectListMount node_modules/react-dom/cjs/react-dom-client.development.js:13249:28
 > commitHookPassiveMountEffects node_modules/react-dom/cjs/react-dom-client.development.js:13336:10
 > reconnectPassiveEffects node_modules/react-dom/cjs/react-dom-client.development.js:15832:10
 > doubleInvokeEffectsOnFiber node_modules/react-dom/cjs/react-dom-client.development.js:18703:10
 > runWithFiberInDEV node_modules/react-dom/cjs/react-dom-client.development.js:871:29
 > recursivelyTraverseAndDoubleInvokeEffectsInDEV node_modules/react-dom/cjs/react-dom-client.development.js:18667:16

5:23:11 PM [vite] (client) [Unhandled rejection] TypeError: Cannot read properties of undefined (reading 'getUserMedia')
 > src/webrtc/useSession.ts:92:50
    90 |  
    91 |      void (async () => {
    92 |        const stream = await navigator.mediaDevices.getUserMedia({ video: CAPTURE, audio: true })
       |                                                    ^
    93 |        if (cancelled) { stream.getTracks().forEach((t) => t.stop()); return }
    94 |        localStreamRef.current = stream
 > src/webrtc/useSession.ts:147:7
 > Object.react_stack_bottom_frame node_modules/react-dom/cjs/react-dom-client.development.js:25989:19
 > runWithFiberInDEV node_modules/react-dom/cjs/react-dom-client.development.js:871:29
 > commitHookEffectListMount node_modules/react-dom/cjs/react-dom-client.development.js:13249:28
 > commitHookPassiveMountEffects node_modules/react-dom/cjs/react-dom-client.development.js:13336:10
 > commitPassiveMountOnFiber node_modules/react-dom/cjs/react-dom-client.development.js:15484:12
 > recursivelyTraversePassiveMountEffects node_modules/react-dom/cjs/react-dom-client.development.js:15439:10
 > commitPassiveMountOnFiber node_modules/react-dom/cjs/react-dom-client.development.js:15476:10
 > recursivelyTraversePassiveMountEffects node_modules/react-dom/cjs/react-dom-client.development.js:15439:10

5:23:11 PM [vite] (client) [Unhandled rejection] TypeError: Cannot read properties of undefined (reading 'getUserMedia')
 > src/webrtc/useSession.ts:92:50
    90 |  
    91 |      void (async () => {
    92 |        const stream = await navigator.mediaDevices.getUserMedia({ video: CAPTURE, audio: true })
       |                                                    ^
    93 |        if (cancelled) { stream.getTracks().forEach((t) => t.stop()); return }
    94 |        localStreamRef.current = stream
 > src/webrtc/useSession.ts:147:7
 > Object.react_stack_bottom_frame node_modules/react-dom/cjs/react-dom-client.development.js:25989:19
 > runWithFiberInDEV node_modules/react-dom/cjs/react-dom-client.development.js:871:29
 > commitHookEffectListMount node_modules/react-dom/cjs/react-dom-client.development.js:13249:28
 > commitHookPassiveMountEffects node_modules/react-dom/cjs/react-dom-client.development.js:13336:10
 > reconnectPassiveEffects node_modules/react-dom/cjs/react-dom-client.development.js:15832:10
 > doubleInvokeEffectsOnFiber node_modules/react-dom/cjs/react-dom-client.development.js:18703:10
 > runWithFiberInDEV node_modules/react-dom/cjs/react-dom-client.development.js:871:29
 > recursivelyTraverseAndDoubleInvokeEffectsInDEV node_modules/react-dom/cjs/react-dom-client.development.js:18667:16


> studymeet-teacher-web@0.1.0 dev
> vite

error when starting dev server:
Error: listen EADDRNOTAVAIL: address not available 192.168.15.137:5174
    at Server.setupListenHandle [as _listen2] (node:net:1915:21)
    at listenInCluster (node:net:1994:12)
    at node:net:2203:7
    at process.processTicksAndRejections (node:internal/process/task_queues:90:21) {
  code: 'EADDRNOTAVAIL',
  errno: -49,
  syscall: 'listen',
  address: '192.168.15.137',
  port: 5174
}
./manage-services.sh: line 101: 26727 Killed: 9               npm run dev

> studymeet-teacher-web@0.1.0 dev
> vite

error when starting dev server:
Error: listen EADDRNOTAVAIL: address not available 192.168.15.137:5174
    at Server.setupListenHandle [as _listen2] (node:net:1915:21)
    at listenInCluster (node:net:1994:12)
    at node:net:2203:7
    at process.processTicksAndRejections (node:internal/process/task_queues:90:21) {
  code: 'EADDRNOTAVAIL',
  errno: -49,
  syscall: 'listen',
  address: '192.168.15.137',
  port: 5174
}

> studymeet-teacher-web@0.1.0 dev
> vite


  VITE v8.2.1  ready in 105 ms

  ➜  Local:   http://localhost:5174/
  ➜  Network: http://192.168.12.99:5174/  en0
./manage-services.sh: line 101: 32795 Killed: 9               npm run dev

> studymeet-teacher-web@0.1.0 dev
> vite


  VITE v8.2.1  ready in 103 ms

  ➜  Local:   http://localhost:5174/
  ➜  Network: http://192.168.12.99:5174/  en0
4:38:09 PM [vite] (client) [Unhandled rejection] TypeError: Cannot read properties of undefined (reading 'getUserMedia')
 > src/webrtc/useSession.ts:92:50
    90 |  
    91 |      void (async () => {
    92 |        const stream = await navigator.mediaDevices.getUserMedia({ video: CAPTURE, audio: true })
       |                                                    ^
    93 |        if (cancelled) { stream.getTracks().forEach((t) => t.stop()); return }
    94 |        localStreamRef.current = stream
 > src/webrtc/useSession.ts:147:7
 > Object.react_stack_bottom_frame node_modules/react-dom/cjs/react-dom-client.development.js:25989:19
 > runWithFiberInDEV node_modules/react-dom/cjs/react-dom-client.development.js:871:29
 > commitHookEffectListMount node_modules/react-dom/cjs/react-dom-client.development.js:13249:28
 > commitHookPassiveMountEffects node_modules/react-dom/cjs/react-dom-client.development.js:13336:10
 > commitPassiveMountOnFiber node_modules/react-dom/cjs/react-dom-client.development.js:15484:12
 > recursivelyTraversePassiveMountEffects node_modules/react-dom/cjs/react-dom-client.development.js:15439:10
 > commitPassiveMountOnFiber node_modules/react-dom/cjs/react-dom-client.development.js:15476:10
 > recursivelyTraversePassiveMountEffects node_modules/react-dom/cjs/react-dom-client.development.js:15439:10

4:38:09 PM [vite] (client) [Unhandled rejection] TypeError: Cannot read properties of undefined (reading 'getUserMedia')
 > src/webrtc/useSession.ts:92:50
    90 |  
    91 |      void (async () => {
    92 |        const stream = await navigator.mediaDevices.getUserMedia({ video: CAPTURE, audio: true })
       |                                                    ^
    93 |        if (cancelled) { stream.getTracks().forEach((t) => t.stop()); return }
    94 |        localStreamRef.current = stream
 > src/webrtc/useSession.ts:147:7
 > Object.react_stack_bottom_frame node_modules/react-dom/cjs/react-dom-client.development.js:25989:19
 > runWithFiberInDEV node_modules/react-dom/cjs/react-dom-client.development.js:871:29
 > commitHookEffectListMount node_modules/react-dom/cjs/react-dom-client.development.js:13249:28
 > commitHookPassiveMountEffects node_modules/react-dom/cjs/react-dom-client.development.js:13336:10
 > reconnectPassiveEffects node_modules/react-dom/cjs/react-dom-client.development.js:15832:10
 > doubleInvokeEffectsOnFiber node_modules/react-dom/cjs/react-dom-client.development.js:18703:10
 > runWithFiberInDEV node_modules/react-dom/cjs/react-dom-client.development.js:871:29
 > recursivelyTraverseAndDoubleInvokeEffectsInDEV node_modules/react-dom/cjs/react-dom-client.development.js:18667:16

6:11:11 PM [vite] (client) hmr update /src/screens/SessionList.tsx

> studymeet-teacher-web@0.1.0 dev
> vite

Port 5174 is in use, trying another one...

  VITE v8.2.1  ready in 120 ms

  ➜  Local:   http://localhost:5175/
  ➜  Network: http://192.168.12.96:5175/  en0

> studymeet-teacher-web@0.1.0 dev
> vite

Port 5174 is in use, trying another one...
Port 5175 is in use, trying another one...
Port 5176 is in use, trying another one...
Port 5177 is in use, trying another one...

  VITE v8.2.1  ready in 117 ms

  ➜  Local:   http://localhost:5178/
  ➜  Network: http://192.168.12.96:5178/  en0
2:17:41 PM [vite] .env.local changed, restarting server...
2:17:41 PM [vite] .env.local changed, restarting server...
2:17:41 PM [vite] server restarted.
2:17:41 PM [vite] server restarted.

> studymeet-teacher-web@0.1.0 dev
> vite

Port 5174 is in use, trying another one...
Port 5175 is in use, trying another one...
Port 5176 is in use, trying another one...
Port 5177 is in use, trying another one...
Port 5178 is in use, trying another one...
Port 5179 is in use, trying another one...
Port 5180 is in use, trying another one...
Port 5181 is in use, trying another one...
오후 2:23:40 [vite] (client) Re-optimizing dependencies because vite config has changed

  VITE v8.2.1  ready in 135 ms

  ➜  Local:   http://localhost:5182/
  ➜  Network: http://192.168.12.96:5182/  en0
  ➜  press h + enter to show help
node:events:496
      throw er; // Unhandled 'error' event
      ^

Error: read EIO
    at TTY.onStreamRead (node:internal/stream_base_commons:216:20)
Emitted 'error' event on Interface instance at:
    at ReadStream.onerror (node:internal/readline/interface:238:10)
    at ReadStream.emit (node:events:518:28)
    at emitErrorNT (node:internal/streams/destroy:170:8)
    at emitErrorCloseNT (node:internal/streams/destroy:129:3)
    at process.processTicksAndRejections (node:internal/process/task_queues:90:21) {
  errno: -5,
  code: 'EIO',
  syscall: 'read'
}

Node.js v22.14.0

> studymeet-teacher-web@0.1.0 dev
> vite

Port 5174 is in use, trying another one...
Port 5175 is in use, trying another one...
Port 5176 is in use, trying another one...
Port 5177 is in use, trying another one...
Port 5178 is in use, trying another one...
Port 5179 is in use, trying another one...
Port 5180 is in use, trying another one...
Port 5181 is in use, trying another one...

  VITE v8.2.1  ready in 115 ms

  ➜  Local:   http://localhost:5182/
  ➜  Network: http://192.168.12.96:5182/  en0

> studymeet-teacher-web@0.1.0 dev
> vite

Port 5174 is in use, trying another one...
Port 5175 is in use, trying another one...
Port 5176 is in use, trying another one...
Port 5177 is in use, trying another one...
Port 5178 is in use, trying another one...
Port 5179 is in use, trying another one...
Port 5180 is in use, trying another one...
Port 5181 is in use, trying another one...
Port 5182 is in use, trying another one...
Port 5183 is in use, trying another one...
Port 5184 is in use, trying another one...

  VITE v8.2.1  ready in 119 ms

  ➜  Local:   http://localhost:5185/
  ➜  Network: http://192.168.12.96:5185/  en0

> studymeet-teacher-web@0.1.0 dev
> vite

Port 5174 is in use, trying another one...
Port 5175 is in use, trying another one...
Port 5176 is in use, trying another one...
Port 5177 is in use, trying another one...
Port 5178 is in use, trying another one...
Port 5179 is in use, trying another one...
Port 5180 is in use, trying another one...
Port 5181 is in use, trying another one...
Port 5182 is in use, trying another one...
Port 5183 is in use, trying another one...
Port 5184 is in use, trying another one...
Port 5185 is in use, trying another one...
Port 5186 is in use, trying another one...
Port 5187 is in use, trying another one...

  VITE v8.2.1  ready in 116 ms

  ➜  Local:   http://localhost:5188/
  ➜  Network: http://192.168.12.96:5188/  en0

> studymeet-teacher-web@0.1.0 dev
> vite

Port 5174 is in use, trying another one...
Port 5175 is in use, trying another one...
Port 5176 is in use, trying another one...
Port 5177 is in use, trying another one...
Port 5178 is in use, trying another one...
Port 5179 is in use, trying another one...
Port 5180 is in use, trying another one...
Port 5181 is in use, trying another one...
Port 5182 is in use, trying another one...
Port 5183 is in use, trying another one...
Port 5184 is in use, trying another one...
Port 5185 is in use, trying another one...
Port 5186 is in use, trying another one...
Port 5187 is in use, trying another one...
Port 5188 is in use, trying another one...
Port 5189 is in use, trying another one...
Port 5190 is in use, trying another one...

  VITE v8.2.1  ready in 114 ms

  ➜  Local:   http://localhost:5191/
  ➜  Network: http://192.168.12.96:5191/  en0

> studymeet-teacher-web@0.1.0 dev
> vite

Port 5174 is in use, trying another one...
Port 5175 is in use, trying another one...
Port 5176 is in use, trying another one...
Port 5177 is in use, trying another one...
Port 5178 is in use, trying another one...
Port 5179 is in use, trying another one...
Port 5180 is in use, trying another one...
Port 5181 is in use, trying another one...
Port 5182 is in use, trying another one...
Port 5183 is in use, trying another one...
Port 5184 is in use, trying another one...
Port 5185 is in use, trying another one...
Port 5186 is in use, trying another one...
Port 5187 is in use, trying another one...
Port 5188 is in use, trying another one...
Port 5189 is in use, trying another one...
Port 5190 is in use, trying another one...
Port 5191 is in use, trying another one...
Port 5192 is in use, trying another one...
Port 5193 is in use, trying another one...

  VITE v8.2.1  ready in 124 ms

  ➜  Local:   http://localhost:5194/
  ➜  Network: http://192.168.15.136:5194/  en0
3:08:05 PM [vite] .env.local changed, restarting server...
3:08:05 PM [vite] .env.local changed, restarting server...
3:08:05 PM [vite] (client) Re-optimizing dependencies because vite config has changed
3:08:05 PM [vite] (client) Re-optimizing dependencies because vite config has changed
오후 3:08:05 [vite] .env.local changed, restarting server...
오후 3:08:05 [vite] .env.local changed, restarting server...
오후 3:08:05 [vite] .env.local changed, restarting server...
오후 3:08:05 [vite] .env.local changed, restarting server...
오후 3:08:05 [vite] .env.local changed, restarting server...
3:08:05 PM [vite] server restarted.

  ➜  Local:   http://localhost:5178/
  ➜  Network: http://192.168.15.136:5178/  en0
3:08:05 PM [vite] server restarted.

  ➜  Local:   http://localhost:5175/
  ➜  Network: http://192.168.15.136:5175/  en0
오후 3:08:05 [vite] server restarted.

  ➜  Local:   http://localhost:5185/
  ➜  Network: http://192.168.15.136:5185/  en0
오후 3:08:05 [vite] server restarted.

  ➜  Local:   http://localhost:5188/
  ➜  Network: http://192.168.15.136:5188/  en0
오후 3:08:05 [vite] server restarted.

  ➜  Local:   http://localhost:5182/
  ➜  Network: http://192.168.15.136:5182/  en0
오후 3:08:05 [vite] server restarted.

오후 3:08:05 [vite] server restarted.
  ➜  Local:   http://localhost:5191/
  ➜  Network: http://192.168.15.136:5191/  en0
오후 3:08:05 [vite] (client) error while updating dependencies:
Error: ENOTEMPTY: directory not empty, rename '/Users/chales7/IdeaProjects/StudyMeet/StudyMeet/teacher-web/node_modules/.vite/deps_temp_c35de9ae' -> '/Users/chales7/IdeaProjects/StudyMeet/StudyMeet/teacher-web/node_modules/.vite/deps'
    at Object.renameSync (node:fs:1021:11)
    at Object.commit (file:///Users/chales7/IdeaProjects/StudyMeet/StudyMeet/teacher-web/node_modules/vite/dist/node/chunks/node.js:32177:8)
    at commitProcessing (file:///Users/chales7/IdeaProjects/StudyMeet/StudyMeet/teacher-web/node_modules/vite/dist/node/chunks/node.js:34449:28)
    at runOptimizer (file:///Users/chales7/IdeaProjects/StudyMeet/StudyMeet/teacher-web/node_modules/vite/dist/node/chunks/node.js:34471:11)
    at onCrawlEnd (file:///Users/chales7/IdeaProjects/StudyMeet/StudyMeet/teacher-web/node_modules/vite/dist/node/chunks/node.js:34589:5)

> studymeet-teacher-web@0.1.0 dev
> vite

Port 5174 is in use, trying another one...
Port 5175 is in use, trying another one...
Port 5176 is in use, trying another one...
Port 5177 is in use, trying another one...
Port 5178 is in use, trying another one...
Port 5179 is in use, trying another one...
Port 5180 is in use, trying another one...
Port 5181 is in use, trying another one...
Port 5182 is in use, trying another one...
Port 5183 is in use, trying another one...
Port 5184 is in use, trying another one...
Port 5185 is in use, trying another one...
Port 5186 is in use, trying another one...
Port 5187 is in use, trying another one...
Port 5188 is in use, trying another one...
Port 5189 is in use, trying another one...
Port 5190 is in use, trying another one...
Port 5191 is in use, trying another one...
Port 5192 is in use, trying another one...
Port 5193 is in use, trying another one...
Port 5194 is in use, trying another one...
Port 5195 is in use, trying another one...
Port 5196 is in use, trying another one...

  VITE v8.2.1  ready in 112 ms

  ➜  Local:   http://localhost:5197/
  ➜  Network: http://192.168.15.136:5197/  en0

> studymeet-teacher-web@0.1.0 dev
> vite

Port 5174 is in use, trying another one...
Port 5175 is in use, trying another one...
Port 5176 is in use, trying another one...
Port 5177 is in use, trying another one...
Port 5178 is in use, trying another one...
Port 5179 is in use, trying another one...
Port 5180 is in use, trying another one...
Port 5181 is in use, trying another one...
Port 5182 is in use, trying another one...
Port 5183 is in use, trying another one...
Port 5184 is in use, trying another one...
Port 5185 is in use, trying another one...
Port 5186 is in use, trying another one...
Port 5187 is in use, trying another one...
Port 5188 is in use, trying another one...
Port 5189 is in use, trying another one...
Port 5190 is in use, trying another one...
Port 5191 is in use, trying another one...
Port 5192 is in use, trying another one...
Port 5193 is in use, trying another one...
Port 5194 is in use, trying another one...
Port 5195 is in use, trying another one...
Port 5196 is in use, trying another one...
Port 5197 is in use, trying another one...
Port 5198 is in use, trying another one...
Port 5199 is in use, trying another one...

  VITE v8.2.1  ready in 113 ms

  ➜  Local:   http://localhost:5200/
  ➜  Network: http://192.168.15.136:5200/  en0

> studymeet-teacher-web@0.1.0 dev
> vite

Port 5174 is in use, trying another one...
Port 5175 is in use, trying another one...
Port 5176 is in use, trying another one...
Port 5177 is in use, trying another one...
Port 5178 is in use, trying another one...
Port 5179 is in use, trying another one...
Port 5180 is in use, trying another one...
Port 5181 is in use, trying another one...
Port 5182 is in use, trying another one...
Port 5183 is in use, trying another one...
Port 5184 is in use, trying another one...
Port 5185 is in use, trying another one...
Port 5186 is in use, trying another one...
Port 5187 is in use, trying another one...
Port 5188 is in use, trying another one...
Port 5189 is in use, trying another one...
Port 5190 is in use, trying another one...
Port 5191 is in use, trying another one...
Port 5192 is in use, trying another one...
Port 5193 is in use, trying another one...
Port 5194 is in use, trying another one...
Port 5195 is in use, trying another one...
Port 5196 is in use, trying another one...
Port 5197 is in use, trying another one...
Port 5198 is in use, trying another one...
Port 5199 is in use, trying another one...
Port 5200 is in use, trying another one...
Port 5201 is in use, trying another one...
Port 5202 is in use, trying another one...

  VITE v8.2.1  ready in 114 ms

  ➜  Local:   http://localhost:5203/
  ➜  Network: http://192.168.15.136:5203/  en0

> studymeet-teacher-web@0.1.0 dev
> vite

Port 5174 is in use, trying another one...
Port 5175 is in use, trying another one...
Port 5176 is in use, trying another one...
Port 5177 is in use, trying another one...
Port 5178 is in use, trying another one...
Port 5179 is in use, trying another one...
Port 5180 is in use, trying another one...
Port 5181 is in use, trying another one...
Port 5182 is in use, trying another one...
Port 5183 is in use, trying another one...
Port 5184 is in use, trying another one...
Port 5185 is in use, trying another one...
Port 5186 is in use, trying another one...
Port 5187 is in use, trying another one...
Port 5188 is in use, trying another one...
Port 5189 is in use, trying another one...
Port 5190 is in use, trying another one...
Port 5191 is in use, trying another one...
Port 5192 is in use, trying another one...
Port 5193 is in use, trying another one...
Port 5194 is in use, trying another one...
Port 5195 is in use, trying another one...
Port 5196 is in use, trying another one...
Port 5197 is in use, trying another one...
Port 5198 is in use, trying another one...
Port 5199 is in use, trying another one...
Port 5200 is in use, trying another one...
Port 5201 is in use, trying another one...
Port 5202 is in use, trying another one...
Port 5203 is in use, trying another one...
Port 5204 is in use, trying another one...

  VITE v8.2.1  ready in 118 ms

  ➜  Local:   http://localhost:5205/
  ➜  Network: http://192.168.17.17:5205/  en0
오후 4:19:20 [vite] .env.local changed, restarting server...
오후 4:19:20 [vite] .env.local changed, restarting server...
오후 4:19:20 [vite] .env.local changed, restarting server...
오후 4:19:20 [vite] .env.local changed, restarting server...
오후 4:19:20 [vite] .env.local changed, restarting server...
오후 4:19:20 [vite] .env.local changed, restarting server...
오후 4:19:20 [vite] .env.local changed, restarting server...
오후 4:19:20 [vite] .env.local changed, restarting server...
4:19:20 PM [vite] .env.local changed, restarting server...
4:19:20 PM [vite] .env.local changed, restarting server...
오후 4:19:20 [vite] .env.local changed, restarting server...
4:19:20 PM [vite] (client) Re-optimizing dependencies because vite config has changed
4:19:20 PM [vite] server restarted.

  ➜  Local:   http://localhost:5178/
  ➜  Network: http://192.168.19.46:5178/  en0
4:19:20 PM [vite] server restarted.

  ➜  Local:   http://localhost:5175/
  ➜  Network: http://192.168.19.46:5175/  en0
오후 4:19:20 [vite] server restarted.

  ➜  Local:   http://localhost:5182/
  ➜  Network: http://192.168.19.46:5182/  en0
오후 4:19:20 [vite] server restarted.

  ➜  Local:   http://localhost:5194/
  ➜  Network: http://192.168.19.46:5194/  en0
오후 4:19:20 [vite] server restarted.

  ➜  Local:   http://localhost:5188/
  ➜  Network: http://192.168.19.46:5188/  en0
오후 4:19:20 [vite] server restarted.

  ➜  Local:   http://localhost:5191/
  ➜  Network: http://192.168.19.46:5191/  en0
오후 4:19:20 [vite] server restarted.

  ➜  Local:   http://localhost:5200/
  ➜  Network: http://192.168.19.46:5200/  en0
오후 4:19:20 [vite] server restarted.

  ➜  Local:   http://localhost:5203/
  ➜  Network: http://192.168.19.46:5203/  en0
오후 4:19:20 [vite] server restarted.

  ➜  Local:   http://localhost:5197/
  ➜  Network: http://192.168.19.46:5197/  en0
오후 4:19:20 [vite] server restarted.

  ➜  Local:   http://localhost:5185/
  ➜  Network: http://192.168.19.46:5185/  en0
오후 4:19:20 [vite] server restarted.

  ➜  Local:   http://localhost:5205/
  ➜  Network: http://192.168.19.46:5205/  en0
